2025-09-01 | ETL_get_player_stats | INFO     | Logger 'ETL_get_player_stats' initialized. Logging to: logs/ETL_get_player_stats.log
2025-09-01 | ETL_get_player_stats | INFO     | ======================================================================
2025-09-01 | ETL_get_player_stats | INFO     | 🚀 Starting ETL: get_player_stats
2025-09-01 | ETL_get_player_stats | INFO     | ======================================================================
2025-09-01 | ETL_get_player_stats | INFO     | ✅ Credentials loaded successfully.
2025-09-01 | ETL_get_player_stats | INFO     | ✅ Logged in
2025-09-01 | ETL_get_player_stats | INFO     | 🔍 Scraping player 1: Mbappé (name_team:mbappé|real madrid)
2025-09-01 | ETL_get_player_stats | INFO     | 🧭 No detail 'Next' button; going back to list and clicking next table page…
2025-09-01 | ETL_get_player_stats | INFO     | 🔍 Scraping player 2: Nico Williams (name_team:nico williams|athletic)
2025-09-01 | ETL_get_player_stats | INFO     | 🧭 No detail 'Next' button; going back to list and clicking next table page…
2025-09-01 | ETL_get_player_stats | INFO     | 🔍 Scraping player 3: Javier Rueda (name_team:javier rueda|celta)
2025-09-01 | ETL_get_player_stats | INFO     | 🧭 No detail 'Next' button; going back to list and clicking next table page…
2025-09-01 | ETL_get_player_stats | INFO     | 🔍 Scraping player 4: Luis Milla (name_team:luis milla|getafe)
2025-09-01 | ETL_get_player_stats | INFO     | 🧭 No detail 'Next' button; going back to list and clicking next table page…
2025-09-01 | ETL_get_player_stats | INFO     | 🔍 Scraping player 5: Isi Palazón (name_team:isi palazón|rayo vallecano)
2025-09-01 | ETL_get_player_stats | INFO     | 🧭 No detail 'Next' button; going back to list and clicking next table page…
2025-09-01 | ETL_get_player_stats | INFO     | 🔍 Scraping player 6: Fornals (name_team:fornals|betis)
2025-09-01 | ETL_get_player_stats | INFO     | 🧭 No detail 'Next' button; going back to list and clicking next table page…
2025-09-01 | ETL_get_player_stats | INFO     | 🔍 Scraping player 7: Comesaña (name_team:comesaña|villarreal)
2025-09-01 | ETL_get_player_stats | INFO     | 🧭 No detail 'Next' button; going back to list and clicking next table page…
2025-09-01 | ETL_get_player_stats | INFO     | 🔍 Scraping player 8: Ilaix Moriba (name_team:ilaix moriba|celta)
2025-09-01 | ETL_get_player_stats | INFO     | 🧭 No detail 'Next' button; going back to list and clicking next table page…
2025-09-01 | ETL_get_player_stats | INFO     | 🔍 Scraping player 9: Giuliano Simeone (name_team:giuliano simeone|atlético)
2025-09-01 | ETL_get_player_stats | INFO     | 🧭 No detail 'Next' button; going back to list and clicking next table page…
2025-09-01 | ETL_get_player_stats | INFO     | 🔍 Scraping player 10: Balde (name_team:balde|barcelona)
2025-09-01 | ETL_get_player_stats | INFO     | 🧭 No detail 'Next' button; going back to list and clicking next table page…
2025-09-01 | ETL_get_player_stats | INFO     | 🔍 Scraping player 11: Morales (name_team:morales|levante)
2025-09-01 | ETL_get_player_stats | INFO     | 🧭 No detail 'Next' button; going back to list and clicking next table page…
2025-09-01 | ETL_get_player_stats | INFO     | 🔍 Scraping player 12: Vivian (name_team:vivian|athletic)
2025-09-01 | ETL_get_player_stats | INFO     | 🧭 No detail 'Next' button; going back to list and clicking next table page…
2025-09-01 | ETL_get_player_stats | INFO     | 🔍 Scraping player 13: Pablo Campos (name_team:pablo campos|levante)
2025-09-01 | ETL_get_player_stats | INFO     | 🧭 No detail 'Next' button; going back to list and clicking next table page…
2025-09-01 | ETL_get_player_stats | INFO     | 🔍 Scraping player 14: Calvo (name_team:calvo|real oviedo)
2025-09-01 | ETL_get_player_stats | INFO     | 🧭 No detail 'Next' button; going back to list and clicking next table page…
2025-09-01 | ETL_get_player_stats | INFO     | 🔍 Scraping player 15: Pablo Torre (name_team:pablo torre|mallorca)
2025-09-01 | ETL_get_player_stats | INFO     | 🧭 No detail 'Next' button; going back to list and clicking next table page…
2025-09-01 | ETL_get_player_stats | INFO     | 🔍 Scraping player 16: Julián Alvarez (name_team:julián alvarez|atlético)
2025-09-01 | ETL_get_player_stats | INFO     | 🧭 No detail 'Next' button; going back to list and clicking next table page…
2025-09-01 | ETL_get_player_stats | INFO     | 🔍 Scraping player 17: Raíllo (name_team:raíllo|mallorca)
2025-09-01 | ETL_get_player_stats | INFO     | 🧭 No detail 'Next' button; going back to list and clicking next table page…
2025-09-01 | ETL_get_player_stats | INFO     | 🔍 Scraping player 18: Manu Sánchez (name_team:manu sánchez|levante)
2025-09-01 | ETL_get_player_stats | INFO     | 🧭 No detail 'Next' button; going back to list and clicking next table page…
2025-09-01 | ETL_get_player_stats | INFO     | 🔍 Scraping player 19: Thomas (name_team:thomas|villarreal)
2025-09-01 | ETL_get_player_stats | INFO     | 🧭 No detail 'Next' button; going back to list and clicking next table page…
2025-09-01 | ETL_get_player_stats | INFO     | 🔍 Scraping player 20: Asprilla (name_team:asprilla|girona)
2025-09-01 | ETL_get_player_stats | INFO     | 🧭 No detail 'Next' button; going back to list and clicking next table page…
2025-09-01 | ETL_get_player_stats | INFO     | 🔍 Scraping player 21: Trent (name_team:trent|real madrid)
2025-09-01 | ETL_get_player_stats | INFO     | 🧭 No detail 'Next' button; going back to list and clicking next table page…
2025-09-01 | ETL_get_player_stats | INFO     | 🔍 Scraping player 22: Febas (name_team:febas|elche)
2025-09-01 | ETL_get_player_stats | INFO     | 🧭 No detail 'Next' button; going back to list and clicking next table page…
2025-09-01 | ETL_get_player_stats | INFO     | 🔍 Scraping player 23: Kike García (name_team:kike garcía|espanyol)
2025-09-01 | ETL_get_player_stats | INFO     | 🧭 No detail 'Next' button; going back to list and clicking next table page…
2025-09-01 | ETL_get_player_stats | INFO     | 🔍 Scraping player 24: David López (name_team:david lópez|girona)
2025-09-01 | ETL_get_player_stats | INFO     | 🧭 No detail 'Next' button; going back to list and clicking next table page…
2025-09-01 | ETL_get_player_stats | INFO     | 🔍 Scraping player 25: Jesús Vázquez (name_team:jesús vázquez|valencia)
2025-09-01 | ETL_get_player_stats | INFO     | …scraped 25 players so far (76 match rows).
2025-09-01 | ETL_get_player_stats | INFO     | 🧭 No detail 'Next' button; going back to list and clicking next table page…
2025-09-01 | ETL_get_player_stats | INFO     | 🔍 Scraping player 26: Moleiro (name_team:moleiro|villarreal)
2025-09-01 | ETL_get_player_stats | INFO     | 🧭 No detail 'Next' button; going back to list and clicking next table page…
2025-09-01 | ETL_get_player_stats | INFO     | 🔍 Scraping player 27: Sibo (name_team:sibo|real oviedo)
2025-09-01 | ETL_get_player_stats | INFO     | 🧭 No detail 'Next' button; going back to list and clicking next table page…
2025-09-01 | ETL_get_player_stats | INFO     | 🔍 Scraping player 28: Gerard Moreno (name_team:gerard moreno|villarreal)
2025-09-01 | ETL_get_player_stats | INFO     | 🧭 No detail 'Next' button; going back to list and clicking next table page…
2025-09-01 | ETL_get_player_stats | INFO     | 🔍 Scraping player 29: Elgezabal (name_team:elgezabal|levante)
2025-09-01 | ETL_get_player_stats | INFO     | 🧭 No detail 'Next' button; going back to list and clicking next table page…
2025-09-01 | ETL_get_player_stats | INFO     | 🔍 Scraping player 30: Nteka (name_team:nteka|rayo vallecano)
2025-09-01 | ETL_get_player_stats | INFO     | 🧭 No detail 'Next' button; going back to list and clicking next table page…
2025-09-01 | ETL_get_player_stats | INFO     | 🔍 Scraping player 31: Mateo Joseph (name_team:mateo joseph|mallorca)
2025-09-01 | ETL_get_player_stats | INFO     | 🧭 No detail 'Next' button; going back to list and clicking next table page…
2025-09-01 | ETL_get_player_stats | INFO     | 🔍 Scraping player 32: Pacha Espino (name_team:pacha espino|rayo vallecano)
2025-09-01 | ETL_get_player_stats | INFO     | 🧭 No detail 'Next' button; going back to list and clicking next table page…
2025-09-01 | ETL_get_player_stats | INFO     | 🔍 Scraping player 33: Raul García (name_team:raul garcía|osasuna)
2025-09-01 | ETL_get_player_stats | INFO     | 🧭 No detail 'Next' button; going back to list and clicking next table page…
2025-09-01 | ETL_get_player_stats | INFO     | 🔍 Scraping player 34: Akor Adams (name_team:akor adams|sevilla)
2025-09-01 | ETL_get_player_stats | INFO     | 🧭 No detail 'Next' button; going back to list and clicking next table page…
2025-09-01 | ETL_get_player_stats | INFO     | 🔍 Scraping player 35: Bekhoucha (name_team:bekhoucha|getafe)
2025-09-01 | ETL_get_player_stats | INFO     | 🧭 No detail 'Next' button; going back to list and clicking next table page…
2025-09-01 | ETL_get_player_stats | INFO     | 🔍 Scraping player 36: Brekalo (name_team:brekalo|real oviedo)
2025-09-01 | ETL_get_player_stats | INFO     | 🧭 No detail 'Next' button; going back to list and clicking next table page…
2025-09-01 | ETL_get_player_stats | INFO     | 🔍 Scraping player 37: Jhon Solís (name_team:jhon solís|girona)
2025-09-01 | ETL_get_player_stats | INFO     | 🧭 No detail 'Next' button; going back to list and clicking next table page…
2025-09-01 | ETL_get_player_stats | INFO     | 🔍 Scraping player 38: Manu Bueno (name_team:manu bueno|sevilla)
2025-09-01 | ETL_get_player_stats | INFO     | 🧭 No detail 'Next' button; going back to list and clicking next table page…
2025-09-01 | ETL_get_player_stats | INFO     | 🔍 Scraping player 39: Sow (name_team:sow|sevilla)
2025-09-01 | ETL_get_player_stats | INFO     | 🧭 No detail 'Next' button; going back to list and clicking next table page…
2025-09-01 | ETL_get_player_stats | INFO     | 🔍 Scraping player 40: Ali Houary (name_team:ali houary|elche)
2025-09-01 | ETL_get_player_stats | INFO     | 🧭 No detail 'Next' button; going back to list and clicking next table page…
2025-09-01 | ETL_get_player_stats | INFO     | 🔍 Scraping player 41: Lewandowski (name_team:lewandowski|barcelona)
2025-09-01 | ETL_get_player_stats | INFO     | 🧭 No detail 'Next' button; going back to list and clicking next table page…
2025-09-01 | ETL_get_player_stats | INFO     | 🔍 Scraping player 42: Fermín (name_team:fermín|barcelona)
2025-09-01 | ETL_get_player_stats | INFO     | 🧭 No detail 'Next' button; going back to list and clicking next table page…
2025-09-01 | ETL_get_player_stats | INFO     | 🔍 Scraping player 43: Iñaki Peña (name_team:iñaki peña|elche)
2025-09-01 | ETL_get_player_stats | INFO     | 🧭 No detail 'Next' button; going back to list and clicking next table page…
2025-09-01 | ETL_get_player_stats | INFO     | 🔍 Scraping player 44: Neyou (name_team:neyou|getafe)
2025-09-01 | ETL_get_player_stats | INFO     | 🧭 No detail 'Next' button; going back to list and clicking next table page…
2025-09-01 | ETL_get_player_stats | INFO     | 🔍 Scraping player 45: Bardghji (name_team:bardghji|barcelona)
2025-09-01 | ETL_get_player_stats | INFO     | 🧭 No detail 'Next' button; going back to list and clicking next table page…
2025-09-01 | ETL_get_player_stats | INFO     | 🔍 Scraping player 46: Marc Roca (name_team:marc roca|betis)
2025-09-01 | ETL_get_player_stats | INFO     | 🧭 No detail 'Next' button; going back to list and clicking next table page…
2025-09-01 | ETL_get_player_stats | INFO     | 🔍 Scraping player 47: Héctor Fort (name_team:héctor fort|barcelona)
2025-09-01 | ETL_get_player_stats | INFO     | 🧭 No detail 'Next' button; going back to list and clicking next table page…
2025-09-01 | ETL_get_player_stats | INFO     | 🔍 Scraping player 48: Logan Costa (name_team:logan costa|villarreal)
2025-09-01 | ETL_get_player_stats | INFO     | 🧭 No detail 'Next' button; going back to list and clicking next table page…
2025-09-01 | ETL_get_player_stats | INFO     | 🔍 Scraping player 49: Becker (name_team:becker|real sociedad)
2025-09-01 | ETL_get_player_stats | INFO     | 🧭 No detail 'Next' button; going back to list and clicking next table page…
2025-09-01 | ETL_get_player_stats | INFO     | 🔍 Scraping player 50: Mendy (name_team:mendy|real madrid)
2025-09-01 | ETL_get_player_stats | INFO     | …scraped 50 players so far (112 match rows).
2025-09-01 | ETL_get_player_stats | INFO     | 🧭 No detail 'Next' button; going back to list and clicking next table page…
2025-09-01 | ETL_get_player_stats | INFO     | 🔍 Scraping player 51: Iker Muñoz (name_team:iker muñoz|osasuna)
2025-09-01 | ETL_get_player_stats | INFO     | 🧭 No detail 'Next' button; going back to list and clicking next table page…
2025-09-01 | ETL_get_player_stats | INFO     | 🔍 Scraping player 52: Lekue (name_team:lekue|athletic)
2025-09-01 | ETL_get_player_stats | INFO     | 🧭 No detail 'Next' button; going back to list and clicking next table page…
2025-09-01 | ETL_get_player_stats | INFO     | 🔍 Scraping player 53: Rubén Sánchez (name_team:rubén sánchez|espanyol)
2025-09-01 | ETL_get_player_stats | INFO     | 🧭 No detail 'Next' button; going back to list and clicking next table page…
2025-09-01 | ETL_get_player_stats | INFO     | 🔍 Scraping player 54: Fortuño (name_team:fortuño|espanyol)
2025-09-01 | ETL_get_player_stats | INFO     | 🧭 No detail 'Next' button; going back to list and clicking next table page…
2025-09-01 | ETL_get_player_stats | INFO     | 🔍 Scraping player 55: Bergström (name_team:bergström|mallorca)
2025-09-01 | ETL_get_player_stats | INFO     | 🧭 No detail 'Next' button; going back to list and clicking next table page…
2025-09-01 | ETL_get_player_stats | INFO     | 🔍 Scraping player 56: Egiluz (name_team:egiluz|athletic)
2025-09-01 | ETL_get_player_stats | INFO     | 🧭 No detail 'Next' button; going back to list and clicking next table page…
2025-09-01 | ETL_get_player_stats | INFO     | ✔️ Reached the last table page (no enabled '›'). Stopping.
2025-09-01 | ETL_get_player_stats | INFO     | ✅ Scraped 56 players
2025-09-01 | ETL_get_player_stats | INFO     | ✅ Scraped 42 players
2025-09-01 | ETL_get_player_stats | INFO     | 🗑️ Cleared existing rows from 'biwenger_player_stats'
2025-09-01 | ETL_get_player_stats | INFO     | ✅ Inserted 56 rows into 'biwenger_player_stats'
2025-09-01 | ETL_get_player_stats | INFO     | 🗑️ Cleared existing rows from 'biwenger_player_matches'
2025-09-01 | ETL_get_player_stats | INFO     | ✅ Inserted 112 rows into 'biwenger_player_matches'
