2025-08-29 | scraping_biwenger_logger | INFO     | Logger 'scraping_biwenger_logger' initialized. Logging to: logs/runner_scraping_biwenger.log
2025-08-29 | scraping_biwenger_logger | INFO     | ============================================================
2025-08-29 | scraping_biwenger_logger | INFO     | 🚀 STARTING FULL SCRAPING + ENRICHMENT PIPELINE
2025-08-29 | scraping_biwenger_logger | INFO     | ============================================================
2025-08-29 | scraping_biwenger_logger | INFO     | 🔍 Running ETL_get_current_team()...
2025-08-29 | ETL_get_current_team | INFO     | Logger 'ETL_get_current_team' initialized. Logging to: logs/ETL_get_current_team.log
2025-08-29 | ETL_get_current_team | INFO     | ======================================================================
2025-08-29 | ETL_get_current_team | INFO     | 🚀 Starting ETL: get_current_team
2025-08-29 | ETL_get_current_team | INFO     | ======================================================================
2025-08-29 | ETL_get_current_team | INFO     | ✅ Credentials loaded successfully.
2025-08-29 | ETL_get_current_team | INFO     | ✅ Logged in
2025-08-29 | ETL_get_current_team | INFO     | ✅ Inserted 14 rows into 'biwenger_current_team'.
2025-08-29 | scraping_biwenger_logger | INFO     | ✅ ETL_get_current_team completed in 0.24 minutes
2025-08-29 | scraping_biwenger_logger | INFO     | 🔍 Running ETL_get_player_stats()...
2025-08-29 | ETL_get_player_stats | INFO     | Logger 'ETL_get_player_stats' initialized. Logging to: logs/ETL_get_player_stats.log
2025-08-29 | ETL_get_player_stats | INFO     | ======================================================================
2025-08-29 | ETL_get_player_stats | INFO     | 🚀 Starting ETL: get_player_stats
2025-08-29 | ETL_get_player_stats | INFO     | ======================================================================
2025-08-29 | ETL_get_player_stats | INFO     | ✅ Credentials loaded successfully.
2025-08-29 | ETL_get_player_stats | INFO     | ✅ Logged in
2025-08-29 | ETL_get_player_stats | INFO     | 🔍 Scraping player 1: Mbappé
2025-08-29 | ETL_get_player_stats | INFO     | 🔍 Scraping player 2: Lo Celso
2025-08-29 | ETL_get_player_stats | INFO     | 🔍 Scraping player 3: Pépé
2025-08-29 | ETL_get_player_stats | INFO     | 🔍 Scraping player 4: Buchanan
2025-08-29 | ETL_get_player_stats | INFO     | 🔍 Scraping player 5: Adrián Liso
2025-08-29 | ETL_get_player_stats | INFO     | 🔍 Scraping player 6: Pape Gueye
2025-08-29 | ETL_get_player_stats | INFO     | 🔍 Scraping player 7: Bartra
2025-08-29 | ETL_get_player_stats | INFO     | 🔍 Scraping player 8: Pedri
2025-08-29 | ETL_get_player_stats | INFO     | 🔍 Scraping player 9: Nico Williams
2025-08-29 | ETL_get_player_stats | INFO     | Reached the last player (no Next button).
2025-08-29 | ETL_get_player_stats | INFO     | ✅ Scraped 9 players
2025-08-29 | ETL_get_player_stats | INFO     | ✅ Scraped 9 players
2025-08-29 | ETL_get_player_stats | INFO     | ✅ Inserted 9 rows into 'biwenger_player_stats'
2025-08-29 | ETL_get_player_stats | INFO     | 🗑️ Cleared existing rows from 'biwenger_player_matches'
2025-08-29 | ETL_get_player_stats | INFO     | ✅ Inserted 20 rows into 'biwenger_player_matches'
2025-08-29 | scraping_biwenger_logger | INFO     | ✅ ETL_get_player_stats completed in 0.36 minutes
2025-08-29 | scraping_biwenger_logger | INFO     | ============================================================
2025-08-29 | scraping_biwenger_logger | INFO     | ✅ FULL PIPELINE COMPLETED SUCCESSFULLY in 0.61 minutes
2025-08-29 | scraping_biwenger_logger | INFO     | ============================================================
2025-08-29 | scraping_biwenger_logger | INFO     | Logger 'scraping_biwenger_logger' initialized. Logging to: logs/runner_scraping_biwenger.log
2025-08-29 | scraping_biwenger_logger | INFO     | ============================================================
2025-08-29 | scraping_biwenger_logger | INFO     | 🚀 STARTING FULL SCRAPING + ENRICHMENT PIPELINE
2025-08-29 | scraping_biwenger_logger | INFO     | ============================================================
2025-08-29 | scraping_biwenger_logger | INFO     | 🔍 Running ETL_get_current_team()...
2025-08-29 | ETL_get_current_team | INFO     | Logger 'ETL_get_current_team' initialized. Logging to: logs/ETL_get_current_team.log
2025-08-29 | ETL_get_current_team | INFO     | ======================================================================
2025-08-29 | ETL_get_current_team | INFO     | 🚀 Starting ETL: get_current_team
2025-08-29 | ETL_get_current_team | INFO     | ======================================================================
2025-08-29 | ETL_get_current_team | INFO     | ✅ Credentials loaded successfully.
2025-08-29 | ETL_get_current_team | INFO     | ✅ Logged in
2025-08-29 | ETL_get_current_team | INFO     | ✅ Inserted 14 rows into 'biwenger_current_team'.
2025-08-29 | scraping_biwenger_logger | INFO     | ✅ ETL_get_current_team completed in 0.25 minutes
2025-08-29 | scraping_biwenger_logger | INFO     | 🔍 Running ETL_get_player_stats()...
2025-08-29 | ETL_get_player_stats | INFO     | Logger 'ETL_get_player_stats' initialized. Logging to: logs/ETL_get_player_stats.log
2025-08-29 | ETL_get_player_stats | INFO     | ======================================================================
2025-08-29 | ETL_get_player_stats | INFO     | 🚀 Starting ETL: get_player_stats
2025-08-29 | ETL_get_player_stats | INFO     | ======================================================================
2025-08-29 | ETL_get_player_stats | INFO     | ✅ Credentials loaded successfully.
2025-08-29 | ETL_get_player_stats | INFO     | ✅ Logged in
2025-08-29 | ETL_get_player_stats | INFO     | 🔍 Scraping player 1: Mbappé
2025-08-29 | ETL_get_player_stats | INFO     | 🔍 Scraping player 2: Lo Celso
2025-08-29 | ETL_get_player_stats | INFO     | 🔍 Scraping player 3: Pépé
2025-08-29 | ETL_get_player_stats | INFO     | 🔍 Scraping player 4: Buchanan
2025-08-29 | ETL_get_player_stats | INFO     | 🔍 Scraping player 5: Adrián Liso
2025-08-29 | ETL_get_player_stats | INFO     | 🔍 Scraping player 6: Pape Gueye
2025-08-29 | ETL_get_player_stats | INFO     | 🔍 Scraping player 7: Bartra
2025-08-29 | ETL_get_player_stats | INFO     | 🔍 Scraping player 8: Pedri
2025-08-29 | ETL_get_player_stats | INFO     | 🔍 Scraping player 9: Nico Williams
2025-08-29 | ETL_get_player_stats | INFO     | Reached the last player (no Next button).
2025-08-29 | ETL_get_player_stats | INFO     | ✅ Scraped 9 players
2025-08-29 | ETL_get_player_stats | INFO     | ✅ Scraped 9 players
2025-08-29 | ETL_get_player_stats | INFO     | ✅ Inserted 9 rows into 'biwenger_player_stats'
2025-08-29 | ETL_get_player_stats | INFO     | 🗑️ Cleared existing rows from 'biwenger_player_matches'
2025-08-29 | ETL_get_player_stats | INFO     | ✅ Inserted 20 rows into 'biwenger_player_matches'
2025-08-29 | scraping_biwenger_logger | INFO     | ✅ ETL_get_player_stats completed in 0.30 minutes
2025-08-29 | scraping_biwenger_logger | INFO     | ============================================================
2025-08-29 | scraping_biwenger_logger | INFO     | ✅ FULL PIPELINE COMPLETED SUCCESSFULLY in 0.54 minutes
2025-08-29 | scraping_biwenger_logger | INFO     | ============================================================
